d:\my_vsqtdemo1\nicemeeting\nicemeeting\release\vc143.pdb
d:\my_vsqtdemo1\nicemeeting\nicemeeting\release\qrc_nicemeeting.obj
d:\my_vsqtdemo1\nicemeeting\nicemeeting\release\cagorakickservice.obj
d:\my_vsqtdemo1\nicemeeting\nicemeeting\release\cleftvideolist.obj
d:\my_vsqtdemo1\nicemeeting\nicemeeting\release\membermanagedialog.obj
d:\my_vsqtdemo1\nicemeeting\nicemeeting\release\agorarestauth.obj
d:\my_vsqtdemo1\nicemeeting\nicemeeting\release\cbottonbar.obj
d:\my_vsqtdemo1\nicemeeting\nicemeeting\release\recordingsettingsdialog.obj
d:\my_vsqtdemo1\nicemeeting\nicemeeting\release\meetingchatdialog.obj
d:\my_vsqtdemo1\nicemeeting\nicemeeting\release\meetingframelessdialog.obj
d:\my_vsqtdemo1\nicemeeting\nicemeeting\release\invitedialog.obj
d:\my_vsqtdemo1\nicemeeting\nicemeeting\release\recordingmanagedialog.obj
d:\my_vsqtdemo1\nicemeeting\nicemeeting\release\csmallvidewidget.obj
d:\my_vsqtdemo1\nicemeeting\nicemeeting\release\clogdialog.obj
d:\my_vsqtdemo1\nicemeeting\nicemeeting\release\cframelesswidgetbase.obj
d:\my_vsqtdemo1\nicemeeting\nicemeeting\release\agoraconfig.obj
d:\my_vsqtdemo1\nicemeeting\nicemeeting\release\screenregionrecorder.obj
d:\my_vsqtdemo1\nicemeeting\nicemeeting\release\recordingsettings.obj
d:\my_vsqtdemo1\nicemeeting\nicemeeting\release\cbigvideowidget.obj
d:\my_vsqtdemo1\nicemeeting\nicemeeting\release\ctitlebar.obj
d:\my_vsqtdemo1\nicemeeting\nicemeeting\release\sharescreendialog.obj
d:\my_vsqtdemo1\nicemeeting\nicemeeting\release\ccustombutton.obj
d:\my_vsqtdemo1\nicemeeting\nicemeeting\release\cmainwidget.obj
d:\my_vsqtdemo1\nicemeeting\nicemeeting\release\main.obj
d:\my_vsqtdemo1\nicemeeting\nicemeeting\release\cagoraobject.obj
d:\my_vsqtdemo1\nicemeeting\nicemeeting\release\moc_invitedialog.obj
d:\my_vsqtdemo1\nicemeeting\nicemeeting\release\moc_sharescreendialog.obj
d:\my_vsqtdemo1\nicemeeting\nicemeeting\release\moc_cmainwidget.obj
d:\my_vsqtdemo1\nicemeeting\nicemeeting\release\moc_cagorakickservice.obj
d:\my_vsqtdemo1\nicemeeting\nicemeeting\release\moc_meetingchatdialog.obj
d:\my_vsqtdemo1\nicemeeting\nicemeeting\release\moc_screenregionrecorder.obj
d:\my_vsqtdemo1\nicemeeting\nicemeeting\release\moc_csmallvidewidget.obj
d:\my_vsqtdemo1\nicemeeting\nicemeeting\release\moc_recordingsettingsdialog.obj
d:\my_vsqtdemo1\nicemeeting\nicemeeting\release\moc_cbigvideowidget.obj
d:\my_vsqtdemo1\nicemeeting\nicemeeting\release\moc_cagoraobject.obj
d:\my_vsqtdemo1\nicemeeting\nicemeeting\release\moc_membermanagedialog.obj
d:\my_vsqtdemo1\nicemeeting\nicemeeting\release\moc_cleftvideolist.obj
d:\my_vsqtdemo1\nicemeeting\nicemeeting\release\moc_meetingframelessdialog.obj
d:\my_vsqtdemo1\nicemeeting\nicemeeting\release\moc_ctitlebar.obj
d:\my_vsqtdemo1\nicemeeting\nicemeeting\release\moc_recordingmanagedialog.obj
d:\my_vsqtdemo1\nicemeeting\nicemeeting\release\moc_cbottonbar.obj
d:\my_vsqtdemo1\nicemeeting\nicemeeting\release\moc_clogdialog.obj
d:\my_vsqtdemo1\nicemeeting\nicemeeting\release\moc_ccustombutton.obj
d:\my_vsqtdemo1\nicemeeting\release\nicemeeting.exe
d:\my_vsqtdemo1\nicemeeting\nicemeeting\release\qt\moc\moc_clogdialog.cpp
d:\my_vsqtdemo1\nicemeeting\nicemeeting\release\qt\moc\moc_screenregionrecorder.cpp
d:\my_vsqtdemo1\nicemeeting\nicemeeting\release\qt\moc\moc_cagorakickservice.cpp
d:\my_vsqtdemo1\nicemeeting\nicemeeting\release\qt\moc\moc_meetingframelessdialog.cpp
d:\my_vsqtdemo1\nicemeeting\nicemeeting\release\qt\moc\moc_invitedialog.cpp
d:\my_vsqtdemo1\nicemeeting\nicemeeting\release\qt\moc\moc_membermanagedialog.cpp
d:\my_vsqtdemo1\nicemeeting\nicemeeting\release\qt\moc\moc_recordingmanagedialog.cpp
d:\my_vsqtdemo1\nicemeeting\nicemeeting\release\qt\moc\moc_recordingsettingsdialog.cpp
d:\my_vsqtdemo1\nicemeeting\nicemeeting\release\qt\moc\moc_meetingchatdialog.cpp
d:\my_vsqtdemo1\nicemeeting\nicemeeting\release\qt\moc\moc_sharescreendialog.cpp
d:\my_vsqtdemo1\nicemeeting\nicemeeting\release\qt\moc\moc_ccustombutton.cpp
d:\my_vsqtdemo1\nicemeeting\nicemeeting\release\qt\moc\moc_csmallvidewidget.cpp
d:\my_vsqtdemo1\nicemeeting\nicemeeting\release\qt\moc\moc_cbigvideowidget.cpp
d:\my_vsqtdemo1\nicemeeting\nicemeeting\release\qt\moc\moc_cbottonbar.cpp
d:\my_vsqtdemo1\nicemeeting\nicemeeting\release\qt\moc\moc_cleftvideolist.cpp
d:\my_vsqtdemo1\nicemeeting\nicemeeting\release\qt\moc\moc_ctitlebar.cpp
d:\my_vsqtdemo1\nicemeeting\nicemeeting\release\qt\moc\moc_cmainwidget.cpp
d:\my_vsqtdemo1\nicemeeting\nicemeeting\release\qt\moc\moc_cagoraobject.cpp
d:\my_vsqtdemo1\nicemeeting\nicemeeting\release\qt\uic\ui_clogdialog.h
d:\my_vsqtdemo1\nicemeeting\nicemeeting\release\qt\rcc\qrc_nicemeeting.cpp
d:\my_vsqtdemo1\nicemeeting\nicemeeting\release\nicemeeting.ipdb
d:\my_vsqtdemo1\nicemeeting\nicemeeting\release\nicemeeting.iobj
d:\my_vsqtdemo1\nicemeeting\nicemeeting\release\nicemeeting.tlog\cl.command.1.tlog
d:\my_vsqtdemo1\nicemeeting\nicemeeting\release\nicemeeting.tlog\cl.items.tlog
d:\my_vsqtdemo1\nicemeeting\nicemeeting\release\nicemeeting.tlog\cl.read.1.tlog
d:\my_vsqtdemo1\nicemeeting\nicemeeting\release\nicemeeting.tlog\cl.write.1.tlog
d:\my_vsqtdemo1\nicemeeting\nicemeeting\release\nicemeeting.tlog\link.command.1.tlog
d:\my_vsqtdemo1\nicemeeting\nicemeeting\release\nicemeeting.tlog\link.read.1.tlog
d:\my_vsqtdemo1\nicemeeting\nicemeeting\release\nicemeeting.tlog\link.secondary.1.tlog
d:\my_vsqtdemo1\nicemeeting\nicemeeting\release\nicemeeting.tlog\link.write.1.tlog
d:\my_vsqtdemo1\nicemeeting\nicemeeting\release\nicemeeting.tlog\moc.read.1u.tlog
d:\my_vsqtdemo1\nicemeeting\nicemeeting\release\nicemeeting.tlog\moc.write.1u.tlog
d:\my_vsqtdemo1\nicemeeting\nicemeeting\release\nicemeeting.tlog\nicemeeting.write.1u.tlog
d:\my_vsqtdemo1\nicemeeting\nicemeeting\release\nicemeeting.tlog\rcc.read.1u.tlog
d:\my_vsqtdemo1\nicemeeting\nicemeeting\release\nicemeeting.tlog\rcc.write.1u.tlog
d:\my_vsqtdemo1\nicemeeting\nicemeeting\release\nicemeeting.tlog\uic.read.1u.tlog
d:\my_vsqtdemo1\nicemeeting\nicemeeting\release\nicemeeting.tlog\uic.write.1u.tlog
